---
source: chainsight-cdk-macros/src/canisters/algorithm_indexer.rs
expression: formatted
---
use candid::CandidType;
use chainsight_cdk::core::*;
use chainsight_cdk::{indexer::IndexingConfig, storage::Data};
use chainsight_cdk_macros::*;
use serde::{Deserialize, Serialize};
use std::collections::HashMap;
chainsight_common!(3600u32);
init_in!();
manage_single_state!("target_addr", String, false);
setup_func ! ({ target_addr : String , config : IndexingConfig });
timer_task_func!("set_task", "index", true);
use example_canister::*;
algorithm_indexer ! (HashMap < u64 , Vec < String >> , "get_list");
did_export!("example_canister");

