---
source: chainsight-cdk/src/convert/candid.rs
expression: compiled
---
#![allow(dead_code, unused_imports)]
use candid::{self, CandidType, Deserialize, Principal, Encode, Decode};
#[derive(Clone, Debug, candid :: CandidType, candid :: Deserialize, serde :: Serialize, chainsight_cdk_macros :: StableMemoryStorable)]
pub enum Env { Production, Test, LocalDevelopment }
#[derive(Clone, Debug, candid :: CandidType, candid :: Deserialize, serde :: Serialize, chainsight_cdk_macros :: StableMemoryStorable)]
pub enum InitError {
  InvalidDestination(String),
  InvalidPrincipal(Principal),
  InvalidContent(String),
  InvalidRequest(String),
}
pub type RequestArgsType = Env;
pub type ResponseType = Box<Result_>;
#[derive(Clone, Debug, candid :: CandidType, candid :: Deserialize, serde :: Serialize, chainsight_cdk_macros :: StableMemoryStorable)]
pub enum Result_ { Ok, Err(InitError) }
