---
source: chainsight-cdk-macros/src/utils.rs
expression: formatted
---
async fn _get_target_proxy(target: candid::Principal) -> candid::Principal {
    let out: ic_cdk::api::call::CallResult<(candid::Principal,)> =
        ic_cdk::api::call::call(target, "get_proxy", ()).await;
    out.unwrap().0
}

