---
source: chainsight-cdk-macros/src/states.rs
expression: formatted
---
thread_local! { static TIMER_ID : std :: cell :: RefCell < TimerId > = std :: cell :: RefCell :: new (std :: default :: Default :: default ()) ; }
#[ic_cdk::query]
#[candid::candid_method(query)]
pub fn get_timer_id() -> TimerId {
    TIMER_ID.with(|state| state.borrow().clone())
}
pub fn set_timer_id(value: TimerId) {
    TIMER_ID.with(|state| *state.borrow_mut() = value);
}

